============================================================
LARY 2 — API ARCHITECTURE UPGRADE
============================================================

=== 0. Diagnostics ===
/workspaces/lary-2
On branch main
Your branch is up to date with 'origin/main'.

Untracked files:
  (use "git add <file>..." to include in what will be committed)
	apps/
	setup_architecture.log

nothing added to commit but untracked files present (use "git add" to track)
Node:
v24.14.0
pnpm:
11.8.0
Python:
Python 3.12.1
Git:
git version 2.53.0

=== 1. Create backend architecture folders ===

=== 2. Write requirements.txt ===

=== 3. Write config layer ===

=== 4. Write schemas ===

=== 5. Write database service ===

=== 6. Write AI router service ===

=== 7. Write routers ===

=== 8. Write main.py ===

=== 9. Write Railway config for API ===

=== 10. Write compact env examples without secrets ===

=== 11. Write architecture doc ===

=== 12. Backend import test ===
Collecting fastapi[standard] (from -r requirements.txt (line 1))
  Obtaining dependency information for fastapi[standard] from https://files.pythonhosted.org/packages/6c/ff/8496d9847a5fedae775eb49460722d3efaa80487854273e9647ae876218c/fastapi-0.138.0-py3-none-any.whl.metadata
  Downloading fastapi-0.138.0-py3-none-any.whl.metadata (27 kB)
Collecting uvicorn[standard] (from -r requirements.txt (line 2))
  Obtaining dependency information for uvicorn[standard] from https://files.pythonhosted.org/packages/88/fa/e1388bbcf24ef3274f45c0c1c7b501fd14971037c1b6ee23610553307497/uvicorn-0.49.0-py3-none-any.whl.metadata
  Downloading uvicorn-0.49.0-py3-none-any.whl.metadata (6.7 kB)
Collecting gigachat (from -r requirements.txt (line 3))
  Obtaining dependency information for gigachat from https://files.pythonhosted.org/packages/39/30/f5743775b7bcf9da5b9bdc70717c92b3a570ab3215b68a77c9eba504bcd9/gigachat-0.2.1-py3-none-any.whl.metadata
  Downloading gigachat-0.2.1-py3-none-any.whl.metadata (24 kB)
Collecting python-dotenv (from -r requirements.txt (line 4))
  Obtaining dependency information for python-dotenv from https://files.pythonhosted.org/packages/0b/d7/1959b9648791274998a9c3526f6d0ec8fd2233e4d4acce81bbae76b44b2a/python_dotenv-1.2.2-py3-none-any.whl.metadata
  Downloading python_dotenv-1.2.2-py3-none-any.whl.metadata (27 kB)
Collecting pydantic (from -r requirements.txt (line 5))
  Obtaining dependency information for pydantic from https://files.pythonhosted.org/packages/fd/7b/122376b1fd3c62c1ed9dc80c931ace4844b3c55407b6fb2d199377c9736f/pydantic-2.13.4-py3-none-any.whl.metadata
  Downloading pydantic-2.13.4-py3-none-any.whl.metadata (109 kB)
     ━━━━━━━━━━━━━━━━━━━━━━━━━━━━━━━━━━━━━━━━ 109.4/109.4 kB 15.0 MB/s eta 0:00:00
Collecting sqlalchemy (from -r requirements.txt (line 6))
  Obtaining dependency information for sqlalchemy from https://files.pythonhosted.org/packages/2b/7c/7ab9f9aadc5944fdd06612484ed7918fe376ad871a5f50404dc1536e0194/sqlalchemy-2.0.51-cp312-cp312-manylinux2014_x86_64.manylinux_2_17_x86_64.manylinux_2_28_x86_64.whl.metadata
  Downloading sqlalchemy-2.0.51-cp312-cp312-manylinux2014_x86_64.manylinux_2_17_x86_64.manylinux_2_28_x86_64.whl.metadata (9.5 kB)
Collecting psycopg[binary] (from -r requirements.txt (line 7))
  Obtaining dependency information for psycopg[binary] from https://files.pythonhosted.org/packages/5c/e0/7b3dee031daae7743609ce3c746565d4a3ed7c2c186479eb48e34e838c64/psycopg-3.3.4-py3-none-any.whl.metadata
  Downloading psycopg-3.3.4-py3-none-any.whl.metadata (4.3 kB)
Collecting starlette>=0.46.0 (from fastapi[standard]->-r requirements.txt (line 1))
  Obtaining dependency information for starlette>=0.46.0 from https://files.pythonhosted.org/packages/ec/bb/2799cc2ede3ed41131f8975621e7213dfc7ef4acbbaadfa440f32500c370/starlette-1.3.1-py3-none-any.whl.metadata
  Downloading starlette-1.3.1-py3-none-any.whl.metadata (6.4 kB)
Collecting typing-extensions>=4.8.0 (from fastapi[standard]->-r requirements.txt (line 1))
  Obtaining dependency information for typing-extensions>=4.8.0 from https://files.pythonhosted.org/packages/18/67/36e9267722cc04a6b9f15c7f3441c2363321a3ea07da7ae0c0707beb2a9c/typing_extensions-4.15.0-py3-none-any.whl.metadata
  Downloading typing_extensions-4.15.0-py3-none-any.whl.metadata (3.3 kB)
Collecting typing-inspection>=0.4.2 (from fastapi[standard]->-r requirements.txt (line 1))
  Obtaining dependency information for typing-inspection>=0.4.2 from https://files.pythonhosted.org/packages/dc/9b/47798a6c91d8bdb567fe2698fe81e0c6b7cb7ef4d13da4114b41d239f65d/typing_inspection-0.4.2-py3-none-any.whl.metadata
  Downloading typing_inspection-0.4.2-py3-none-any.whl.metadata (2.6 kB)
Collecting annotated-doc>=0.0.2 (from fastapi[standard]->-r requirements.txt (line 1))
  Obtaining dependency information for annotated-doc>=0.0.2 from https://files.pythonhosted.org/packages/1e/d3/26bf1008eb3d2daa8ef4cacc7f3bfdc11818d111f7e2d0201bc6e3b49d45/annotated_doc-0.0.4-py3-none-any.whl.metadata
  Downloading annotated_doc-0.0.4-py3-none-any.whl.metadata (6.6 kB)
Collecting fastapi-cli[standard]>=0.0.8 (from fastapi[standard]->-r requirements.txt (line 1))
  Obtaining dependency information for fastapi-cli[standard]>=0.0.8 from https://files.pythonhosted.org/packages/1a/ab/0a709f9488fe62647db80f8a277fb0ee62e85adc6746abf477ed373c9eb7/fastapi_cli-0.0.27-py3-none-any.whl.metadata
  Downloading fastapi_cli-0.0.27-py3-none-any.whl.metadata (6.4 kB)
Collecting fastar>=0.9.0 (from fastapi[standard]->-r requirements.txt (line 1))
  Obtaining dependency information for fastar>=0.9.0 from https://files.pythonhosted.org/packages/22/47/0448ea7992b997dad2bf004bfd98eca74b5858630eae080b50c7b17d9ddc/fastar-0.11.0-cp312-cp312-manylinux_2_17_x86_64.manylinux2014_x86_64.whl.metadata
  Downloading fastar-0.11.0-cp312-cp312-manylinux_2_17_x86_64.manylinux2014_x86_64.whl.metadata (4.0 kB)
Collecting httpx<1.0.0,>=0.23.0 (from fastapi[standard]->-r requirements.txt (line 1))
  Obtaining dependency information for httpx<1.0.0,>=0.23.0 from https://files.pythonhosted.org/packages/2a/39/e50c7c3a983047577ee07d2a9e53faf5a69493943ec3f6a384bdc792deb2/httpx-0.28.1-py3-none-any.whl.metadata
  Downloading httpx-0.28.1-py3-none-any.whl.metadata (7.1 kB)
Collecting jinja2>=3.1.5 (from fastapi[standard]->-r requirements.txt (line 1))
  Obtaining dependency information for jinja2>=3.1.5 from https://files.pythonhosted.org/packages/62/a1/3d680cbfd5f4b8f15abc1d571870c5fc3e594bb582bc3b64ea099db13e56/jinja2-3.1.6-py3-none-any.whl.metadata
  Downloading jinja2-3.1.6-py3-none-any.whl.metadata (2.9 kB)
Collecting python-multipart>=0.0.18 (from fastapi[standard]->-r requirements.txt (line 1))
  Obtaining dependency information for python-multipart>=0.0.18 from https://files.pythonhosted.org/packages/e1/04/e8135ebd1ad02c56ec633277529b2602ff99ff634be76cdba5744cf554fd/python_multipart-0.0.32-py3-none-any.whl.metadata
  Downloading python_multipart-0.0.32-py3-none-any.whl.metadata (2.1 kB)
Collecting email-validator>=2.0.0 (from fastapi[standard]->-r requirements.txt (line 1))
  Obtaining dependency information for email-validator>=2.0.0 from https://files.pythonhosted.org/packages/de/15/545e2b6cf2e3be84bc1ed85613edd75b8aea69807a71c26f4ca6a9258e82/email_validator-2.3.0-py3-none-any.whl.metadata
  Downloading email_validator-2.3.0-py3-none-any.whl.metadata (26 kB)
Collecting pydantic-settings>=2.0.0 (from fastapi[standard]->-r requirements.txt (line 1))
  Obtaining dependency information for pydantic-settings>=2.0.0 from https://files.pythonhosted.org/packages/77/c1/6e422f34e569cf8e18df68d1939c81c099d2b61e4f7d9621c8a77560799c/pydantic_settings-2.14.2-py3-none-any.whl.metadata
  Downloading pydantic_settings-2.14.2-py3-none-any.whl.metadata (3.4 kB)
Collecting pydantic-extra-types>=2.0.0 (from fastapi[standard]->-r requirements.txt (line 1))
  Obtaining dependency information for pydantic-extra-types>=2.0.0 from https://files.pythonhosted.org/packages/17/c1/3226e6d7f5a4f736f38ac11a6fbb262d701889802595cdb0f53a885ac2e0/pydantic_extra_types-2.11.1-py3-none-any.whl.metadata
  Downloading pydantic_extra_types-2.11.1-py3-none-any.whl.metadata (4.2 kB)
Collecting click>=7.0 (from uvicorn[standard]->-r requirements.txt (line 2))
  Obtaining dependency information for click>=7.0 from https://files.pythonhosted.org/packages/c7/0d/67e5b4109ea4a837e80daa87c2c696711955e40449a97e8926672534def2/click-8.4.1-py3-none-any.whl.metadata
  Downloading click-8.4.1-py3-none-any.whl.metadata (2.6 kB)
Collecting h11>=0.8 (from uvicorn[standard]->-r requirements.txt (line 2))
  Obtaining dependency information for h11>=0.8 from https://files.pythonhosted.org/packages/04/4b/29cac41a4d98d144bf5f6d33995617b185d14b22401f75ca86f384e87ff1/h11-0.16.0-py3-none-any.whl.metadata
  Downloading h11-0.16.0-py3-none-any.whl.metadata (8.3 kB)
Collecting httptools>=0.8.0 (from uvicorn[standard]->-r requirements.txt (line 2))
  Obtaining dependency information for httptools>=0.8.0 from https://files.pythonhosted.org/packages/e3/a6/febbb8b8db0f58b38e44ad6cb946e6a255ae49b55f2e8543408fb7501ccd/httptools-0.8.0-cp312-cp312-manylinux1_x86_64.manylinux_2_28_x86_64.manylinux_2_5_x86_64.whl.metadata
  Downloading httptools-0.8.0-cp312-cp312-manylinux1_x86_64.manylinux_2_28_x86_64.manylinux_2_5_x86_64.whl.metadata (3.5 kB)
Collecting pyyaml>=5.1 (from uvicorn[standard]->-r requirements.txt (line 2))
  Obtaining dependency information for pyyaml>=5.1 from https://files.pythonhosted.org/packages/8b/9d/b3589d3877982d4f2329302ef98a8026e7f4443c765c46cfecc8858c6b4b/pyyaml-6.0.3-cp312-cp312-manylinux2014_x86_64.manylinux_2_17_x86_64.manylinux_2_28_x86_64.whl.metadata
  Downloading pyyaml-6.0.3-cp312-cp312-manylinux2014_x86_64.manylinux_2_17_x86_64.manylinux_2_28_x86_64.whl.metadata (2.4 kB)
Collecting uvloop>=0.15.1 (from uvicorn[standard]->-r requirements.txt (line 2))
  Obtaining dependency information for uvloop>=0.15.1 from https://files.pythonhosted.org/packages/5f/6f/e62b4dfc7ad6518e7eff2516f680d02a0f6eb62c0c212e152ca708a0085e/uvloop-0.22.1-cp312-cp312-manylinux2014_x86_64.manylinux_2_17_x86_64.manylinux_2_28_x86_64.whl.metadata
  Downloading uvloop-0.22.1-cp312-cp312-manylinux2014_x86_64.manylinux_2_17_x86_64.manylinux_2_28_x86_64.whl.metadata (4.9 kB)
Collecting watchfiles>=0.20 (from uvicorn[standard]->-r requirements.txt (line 2))
  Obtaining dependency information for watchfiles>=0.20 from https://files.pythonhosted.org/packages/22/24/ed72f68cbc1333ca9b9f2200aa048bb6658ae41709bc1caad4310f4bdffd/watchfiles-1.2.0-cp312-cp312-manylinux_2_17_x86_64.manylinux2014_x86_64.whl.metadata
  Downloading watchfiles-1.2.0-cp312-cp312-manylinux_2_17_x86_64.manylinux2014_x86_64.whl.metadata (4.9 kB)
Collecting websockets>=10.4 (from uvicorn[standard]->-r requirements.txt (line 2))
  Obtaining dependency information for websockets>=10.4 from https://files.pythonhosted.org/packages/18/29/71729b4671f21e1eaa5d6573031ab810ad2936c8175f03f97f3ff164c802/websockets-16.0-cp312-cp312-manylinux1_x86_64.manylinux_2_28_x86_64.manylinux_2_5_x86_64.whl.metadata
  Downloading websockets-16.0-cp312-cp312-manylinux1_x86_64.manylinux_2_28_x86_64.manylinux_2_5_x86_64.whl.metadata (6.8 kB)
Collecting annotated-types>=0.6.0 (from pydantic->-r requirements.txt (line 5))
  Obtaining dependency information for annotated-types>=0.6.0 from https://files.pythonhosted.org/packages/78/b6/6307fbef88d9b5ee7421e68d78a9f162e0da4900bc5f5793f6d3d0e34fb8/annotated_types-0.7.0-py3-none-any.whl.metadata
  Downloading annotated_types-0.7.0-py3-none-any.whl.metadata (15 kB)
Collecting pydantic-core==2.46.4 (from pydantic->-r requirements.txt (line 5))
  Obtaining dependency information for pydantic-core==2.46.4 from https://files.pythonhosted.org/packages/5f/97/2aab507d3d00ca626e8e57c1eac6a79e4e5fbcc63eb99733ff55d1717f65/pydantic_core-2.46.4-cp312-cp312-manylinux_2_17_x86_64.manylinux2014_x86_64.whl.metadata
  Downloading pydantic_core-2.46.4-cp312-cp312-manylinux_2_17_x86_64.manylinux2014_x86_64.whl.metadata (6.6 kB)
Collecting greenlet>=1 (from sqlalchemy->-r requirements.txt (line 6))
  Obtaining dependency information for greenlet>=1 from https://files.pythonhosted.org/packages/68/4a/399ff81fa93a19d6a9df394cef0355f082dbc19ad41aba9593cd0ad444e2/greenlet-3.5.2-cp312-cp312-manylinux_2_24_x86_64.manylinux_2_28_x86_64.whl.metadata
  Downloading greenlet-3.5.2-cp312-cp312-manylinux_2_24_x86_64.manylinux_2_28_x86_64.whl.metadata (3.8 kB)
Collecting psycopg-binary==3.3.4 (from psycopg[binary]->-r requirements.txt (line 7))
  Obtaining dependency information for psycopg-binary==3.3.4 from https://files.pythonhosted.org/packages/7c/b1/b83136c6e510593d9b0c759ba5384337bc4ad82d19fda675adc4b2703c84/psycopg_binary-3.3.4-cp312-cp312-manylinux2014_x86_64.manylinux_2_17_x86_64.whl.metadata
  Downloading psycopg_binary-3.3.4-cp312-cp312-manylinux2014_x86_64.manylinux_2_17_x86_64.whl.metadata (2.7 kB)
Collecting dnspython>=2.0.0 (from email-validator>=2.0.0->fastapi[standard]->-r requirements.txt (line 1))
  Obtaining dependency information for dnspython>=2.0.0 from https://files.pythonhosted.org/packages/ba/5a/18ad964b0086c6e62e2e7500f7edc89e3faa45033c71c1893d34eed2b2de/dnspython-2.8.0-py3-none-any.whl.metadata
  Downloading dnspython-2.8.0-py3-none-any.whl.metadata (5.7 kB)
Collecting idna>=2.0.0 (from email-validator>=2.0.0->fastapi[standard]->-r requirements.txt (line 1))
  Obtaining dependency information for idna>=2.0.0 from https://files.pythonhosted.org/packages/1e/5e/d4e9f1a599fb8e573b7b87160658329fbf28d19eac2718f51fc3def3aa5a/idna-3.18-py3-none-any.whl.metadata
  Downloading idna-3.18-py3-none-any.whl.metadata (6.1 kB)
Collecting typer>=0.16.0 (from fastapi-cli[standard]>=0.0.8->fastapi[standard]->-r requirements.txt (line 1))
  Obtaining dependency information for typer>=0.16.0 from https://files.pythonhosted.org/packages/24/25/2201973529af2c954de0bb725323c3aaed6d7f0ceee8f550dec9185df013/typer-0.26.7-py3-none-any.whl.metadata
  Downloading typer-0.26.7-py3-none-any.whl.metadata (16 kB)
Collecting rich-toolkit>=0.14.8 (from fastapi-cli[standard]>=0.0.8->fastapi[standard]->-r requirements.txt (line 1))
  Obtaining dependency information for rich-toolkit>=0.14.8 from https://files.pythonhosted.org/packages/00/88/309f07d08155da2ba1d5ceb42d270fb42fbe34a807684543e3ffc10fe713/rich_toolkit-0.20.1-py3-none-any.whl.metadata
  Downloading rich_toolkit-0.20.1-py3-none-any.whl.metadata (1.0 kB)
Collecting fastapi-cloud-cli>=0.1.1 (from fastapi-cli[standard]>=0.0.8->fastapi[standard]->-r requirements.txt (line 1))
  Obtaining dependency information for fastapi-cloud-cli>=0.1.1 from https://files.pythonhosted.org/packages/f8/6e/bbb2e1b8f3170b6426b707d49981a838fc1d5cbb428dd9a271f1c3951c23/fastapi_cloud_cli-0.20.0-py3-none-any.whl.metadata
  Downloading fastapi_cloud_cli-0.20.0-py3-none-any.whl.metadata (3.3 kB)
Collecting anyio (from httpx<1.0.0,>=0.23.0->fastapi[standard]->-r requirements.txt (line 1))
  Obtaining dependency information for anyio from https://files.pythonhosted.org/packages/ba/16/9826f089383c593cdfc4a6e5aca94d9e91ae1692c57af82c3b2aa5e810f7/anyio-4.14.0-py3-none-any.whl.metadata
  Downloading anyio-4.14.0-py3-none-any.whl.metadata (4.6 kB)
Collecting certifi (from httpx<1.0.0,>=0.23.0->fastapi[standard]->-r requirements.txt (line 1))
  Obtaining dependency information for certifi from https://files.pythonhosted.org/packages/ef/2f/c5464532e965badff2f4c4c1a3a83f5697f0d7c407ed0cda44aaa99bb451/certifi-2026.6.17-py3-none-any.whl.metadata
  Downloading certifi-2026.6.17-py3-none-any.whl.metadata (2.5 kB)
Collecting httpcore==1.* (from httpx<1.0.0,>=0.23.0->fastapi[standard]->-r requirements.txt (line 1))
  Obtaining dependency information for httpcore==1.* from https://files.pythonhosted.org/packages/7e/f5/f66802a942d491edb555dd61e3a9961140fd64c90bce1eafd741609d334d/httpcore-1.0.9-py3-none-any.whl.metadata
  Downloading httpcore-1.0.9-py3-none-any.whl.metadata (21 kB)
Collecting MarkupSafe>=2.0 (from jinja2>=3.1.5->fastapi[standard]->-r requirements.txt (line 1))
  Obtaining dependency information for MarkupSafe>=2.0 from https://files.pythonhosted.org/packages/3c/2e/8d0c2ab90a8c1d9a24f0399058ab8519a3279d1bd4289511d74e909f060e/markupsafe-3.0.3-cp312-cp312-manylinux2014_x86_64.manylinux_2_17_x86_64.manylinux_2_28_x86_64.whl.metadata
  Downloading markupsafe-3.0.3-cp312-cp312-manylinux2014_x86_64.manylinux_2_17_x86_64.manylinux_2_28_x86_64.whl.metadata (2.7 kB)
Collecting rignore>=0.5.1 (from fastapi-cloud-cli>=0.1.1->fastapi-cli[standard]>=0.0.8->fastapi[standard]->-r requirements.txt (line 1))
  Obtaining dependency information for rignore>=0.5.1 from https://files.pythonhosted.org/packages/85/e5/7f99bd0cc9818a91d0e8b9acc65b792e35750e3bdccd15a7ee75e64efca4/rignore-0.7.6-cp312-cp312-manylinux_2_17_x86_64.manylinux2014_x86_64.whl.metadata
  Downloading rignore-0.7.6-cp312-cp312-manylinux_2_17_x86_64.manylinux2014_x86_64.whl.metadata (4.2 kB)
Collecting sentry-sdk>=2.20.0 (from fastapi-cloud-cli>=0.1.1->fastapi-cli[standard]>=0.0.8->fastapi[standard]->-r requirements.txt (line 1))
  Obtaining dependency information for sentry-sdk>=2.20.0 from https://files.pythonhosted.org/packages/7b/57/cb205f7d93373120f666b9c5736dc0815524d96a9b278e7a728f018dc22a/sentry_sdk-2.63.0-py3-none-any.whl.metadata
  Downloading sentry_sdk-2.63.0-py3-none-any.whl.metadata (10 kB)
Collecting detect-installer>=0.1.0 (from fastapi-cloud-cli>=0.1.1->fastapi-cli[standard]>=0.0.8->fastapi[standard]->-r requirements.txt (line 1))
  Obtaining dependency information for detect-installer>=0.1.0 from https://files.pythonhosted.org/packages/cc/34/8cc73273414405086c58852916e4031812a6a30fe04c057e37ad99397b7f/detect_installer-0.1.0-py3-none-any.whl.metadata
  Downloading detect_installer-0.1.0-py3-none-any.whl.metadata (1.2 kB)
Collecting rich>=13.7.1 (from rich-toolkit>=0.14.8->fastapi-cli[standard]>=0.0.8->fastapi[standard]->-r requirements.txt (line 1))
  Obtaining dependency information for rich>=13.7.1 from https://files.pythonhosted.org/packages/82/3b/64d4899d73f91ba49a8c18a8ff3f0ea8f1c1d75481760df8c68ef5235bf5/rich-15.0.0-py3-none-any.whl.metadata
  Downloading rich-15.0.0-py3-none-any.whl.metadata (18 kB)
Collecting shellingham>=1.3.0 (from typer>=0.16.0->fastapi-cli[standard]>=0.0.8->fastapi[standard]->-r requirements.txt (line 1))
  Obtaining dependency information for shellingham>=1.3.0 from https://files.pythonhosted.org/packages/e0/f9/0595336914c5619e5f28a1fb793285925a8cd4b432c9da0a987836c7f822/shellingham-1.5.4-py2.py3-none-any.whl.metadata
  Downloading shellingham-1.5.4-py2.py3-none-any.whl.metadata (3.5 kB)
Collecting markdown-it-py>=2.2.0 (from rich>=13.7.1->rich-toolkit>=0.14.8->fastapi-cli[standard]>=0.0.8->fastapi[standard]->-r requirements.txt (line 1))
  Obtaining dependency information for markdown-it-py>=2.2.0 from https://files.pythonhosted.org/packages/b3/81/4da04ced5a082363ecfa159c010d200ecbd959ae410c10c0264a38cac0f5/markdown_it_py-4.2.0-py3-none-any.whl.metadata
  Downloading markdown_it_py-4.2.0-py3-none-any.whl.metadata (7.4 kB)
Collecting pygments<3.0.0,>=2.13.0 (from rich>=13.7.1->rich-toolkit>=0.14.8->fastapi-cli[standard]>=0.0.8->fastapi[standard]->-r requirements.txt (line 1))
  Obtaining dependency information for pygments<3.0.0,>=2.13.0 from https://files.pythonhosted.org/packages/f4/7e/a72dd26f3b0f4f2bf1dd8923c85f7ceb43172af56d63c7383eb62b332364/pygments-2.20.0-py3-none-any.whl.metadata
  Downloading pygments-2.20.0-py3-none-any.whl.metadata (2.5 kB)
Collecting urllib3>=1.26.11 (from sentry-sdk>=2.20.0->fastapi-cloud-cli>=0.1.1->fastapi-cli[standard]>=0.0.8->fastapi[standard]->-r requirements.txt (line 1))
  Obtaining dependency information for urllib3>=1.26.11 from https://files.pythonhosted.org/packages/7f/3e/5db95bcf282c52709639744ca2a8b149baccf648e39c8cc87553df9eae0c/urllib3-2.7.0-py3-none-any.whl.metadata
  Downloading urllib3-2.7.0-py3-none-any.whl.metadata (6.9 kB)
Collecting mdurl~=0.1 (from markdown-it-py>=2.2.0->rich>=13.7.1->rich-toolkit>=0.14.8->fastapi-cli[standard]>=0.0.8->fastapi[standard]->-r requirements.txt (line 1))
  Obtaining dependency information for mdurl~=0.1 from https://files.pythonhosted.org/packages/b3/38/89ba8ad64ae25be8de66a6d463314cf1eb366222074cfda9ee839c56a4b4/mdurl-0.1.2-py3-none-any.whl.metadata
  Downloading mdurl-0.1.2-py3-none-any.whl.metadata (1.6 kB)
Downloading gigachat-0.2.1-py3-none-any.whl (45 kB)
   ━━━━━━━━━━━━━━━━━━━━━━━━━━━━━━━━━━━━━━━━ 45.1/45.1 kB 18.1 MB/s eta 0:00:00
Downloading python_dotenv-1.2.2-py3-none-any.whl (22 kB)
Downloading pydantic-2.13.4-py3-none-any.whl (472 kB)
   ━━━━━━━━━━━━━━━━━━━━━━━━━━━━━━━━━━━━━━━━ 472.3/472.3 kB 25.5 MB/s eta 0:00:00
Downloading pydantic_core-2.46.4-cp312-cp312-manylinux_2_17_x86_64.manylinux2014_x86_64.whl (2.1 MB)
   ━━━━━━━━━━━━━━━━━━━━━━━━━━━━━━━━━━━━━━━━ 2.1/2.1 MB 38.3 MB/s eta 0:00:00
Downloading sqlalchemy-2.0.51-cp312-cp312-manylinux2014_x86_64.manylinux_2_17_x86_64.manylinux_2_28_x86_64.whl (3.4 MB)
   ━━━━━━━━━━━━━━━━━━━━━━━━━━━━━━━━━━━━━━━━ 3.4/3.4 MB 55.0 MB/s eta 0:00:00
Downloading psycopg_binary-3.3.4-cp312-cp312-manylinux2014_x86_64.manylinux_2_17_x86_64.whl (5.2 MB)
   ━━━━━━━━━━━━━━━━━━━━━━━━━━━━━━━━━━━━━━━━ 5.2/5.2 MB 59.6 MB/s eta 0:00:00
Downloading annotated_doc-0.0.4-py3-none-any.whl (5.3 kB)
Downloading annotated_types-0.7.0-py3-none-any.whl (13 kB)
Downloading click-8.4.1-py3-none-any.whl (116 kB)
   ━━━━━━━━━━━━━━━━━━━━━━━━━━━━━━━━━━━━━━━━ 116.6/116.6 kB 21.7 MB/s eta 0:00:00
Downloading email_validator-2.3.0-py3-none-any.whl (35 kB)
Downloading fastar-0.11.0-cp312-cp312-manylinux_2_17_x86_64.manylinux2014_x86_64.whl (819 kB)
   ━━━━━━━━━━━━━━━━━━━━━━━━━━━━━━━━━━━━━━━━ 819.4/819.4 kB 59.3 MB/s eta 0:00:00
Downloading greenlet-3.5.2-cp312-cp312-manylinux_2_24_x86_64.manylinux_2_28_x86_64.whl (613 kB)
   ━━━━━━━━━━━━━━━━━━━━━━━━━━━━━━━━━━━━━━━━ 613.7/613.7 kB 52.5 MB/s eta 0:00:00
Downloading h11-0.16.0-py3-none-any.whl (37 kB)
Downloading httptools-0.8.0-cp312-cp312-manylinux1_x86_64.manylinux_2_28_x86_64.manylinux_2_5_x86_64.whl (523 kB)
   ━━━━━━━━━━━━━━━━━━━━━━━━━━━━━━━━━━━━━━━━ 523.9/523.9 kB 63.0 MB/s eta 0:00:00
Downloading httpx-0.28.1-py3-none-any.whl (73 kB)
   ━━━━━━━━━━━━━━━━━━━━━━━━━━━━━━━━━━━━━━━━ 73.5/73.5 kB 15.1 MB/s eta 0:00:00
Downloading httpcore-1.0.9-py3-none-any.whl (78 kB)
   ━━━━━━━━━━━━━━━━━━━━━━━━━━━━━━━━━━━━━━━━ 78.8/78.8 kB 8.6 MB/s eta 0:00:00
Downloading jinja2-3.1.6-py3-none-any.whl (134 kB)
   ━━━━━━━━━━━━━━━━━━━━━━━━━━━━━━━━━━━━━━━━ 134.9/134.9 kB 3.8 MB/s eta 0:00:00
Downloading pydantic_extra_types-2.11.1-py3-none-any.whl (79 kB)
   ━━━━━━━━━━━━━━━━━━━━━━━━━━━━━━━━━━━━━━━━ 79.5/79.5 kB 15.6 MB/s eta 0:00:00
Downloading pydantic_settings-2.14.2-py3-none-any.whl (61 kB)
   ━━━━━━━━━━━━━━━━━━━━━━━━━━━━━━━━━━━━━━━━ 61.7/61.7 kB 14.4 MB/s eta 0:00:00
Downloading python_multipart-0.0.32-py3-none-any.whl (30 kB)
Downloading pyyaml-6.0.3-cp312-cp312-manylinux2014_x86_64.manylinux_2_17_x86_64.manylinux_2_28_x86_64.whl (807 kB)
   ━━━━━━━━━━━━━━━━━━━━━━━━━━━━━━━━━━━━━━━━ 807.9/807.9 kB 78.8 MB/s eta 0:00:00
Downloading starlette-1.3.1-py3-none-any.whl (73 kB)
   ━━━━━━━━━━━━━━━━━━━━━━━━━━━━━━━━━━━━━━━━ 73.6/73.6 kB 22.6 MB/s eta 0:00:00
Downloading typing_extensions-4.15.0-py3-none-any.whl (44 kB)
   ━━━━━━━━━━━━━━━━━━━━━━━━━━━━━━━━━━━━━━━━ 44.6/44.6 kB 4.2 MB/s eta 0:00:00
Downloading typing_inspection-0.4.2-py3-none-any.whl (14 kB)
Downloading uvloop-0.22.1-cp312-cp312-manylinux2014_x86_64.manylinux_2_17_x86_64.manylinux_2_28_x86_64.whl (4.4 MB)
   ━━━━━━━━━━━━━━━━━━━━━━━━━━━━━━━━━━━━━━━━ 4.4/4.4 MB 70.8 MB/s eta 0:00:00
Downloading watchfiles-1.2.0-cp312-cp312-manylinux_2_17_x86_64.manylinux2014_x86_64.whl (456 kB)
   ━━━━━━━━━━━━━━━━━━━━━━━━━━━━━━━━━━━━━━━━ 456.4/456.4 kB 54.2 MB/s eta 0:00:00
Downloading websockets-16.0-cp312-cp312-manylinux1_x86_64.manylinux_2_28_x86_64.manylinux_2_5_x86_64.whl (184 kB)
   ━━━━━━━━━━━━━━━━━━━━━━━━━━━━━━━━━━━━━━━━ 184.9/184.9 kB 28.9 MB/s eta 0:00:00
Downloading fastapi-0.138.0-py3-none-any.whl (126 kB)
   ━━━━━━━━━━━━━━━━━━━━━━━━━━━━━━━━━━━━━━━━ 126.8/126.8 kB 26.4 MB/s eta 0:00:00
Downloading psycopg-3.3.4-py3-none-any.whl (213 kB)
   ━━━━━━━━━━━━━━━━━━━━━━━━━━━━━━━━━━━━━━━━ 213.0/213.0 kB 19.4 MB/s eta 0:00:00
Downloading uvicorn-0.49.0-py3-none-any.whl (71 kB)
   ━━━━━━━━━━━━━━━━━━━━━━━━━━━━━━━━━━━━━━━━ 71.4/71.4 kB 30.1 MB/s eta 0:00:00
Downloading anyio-4.14.0-py3-none-any.whl (123 kB)
   ━━━━━━━━━━━━━━━━━━━━━━━━━━━━━━━━━━━━━━━━ 123.5/123.5 kB 25.4 MB/s eta 0:00:00
Downloading dnspython-2.8.0-py3-none-any.whl (331 kB)
   ━━━━━━━━━━━━━━━━━━━━━━━━━━━━━━━━━━━━━━━━ 331.1/331.1 kB 46.4 MB/s eta 0:00:00
Downloading fastapi_cloud_cli-0.20.0-py3-none-any.whl (68 kB)
   ━━━━━━━━━━━━━━━━━━━━━━━━━━━━━━━━━━━━━━━━ 68.8/68.8 kB 16.5 MB/s eta 0:00:00
Downloading idna-3.18-py3-none-any.whl (65 kB)
   ━━━━━━━━━━━━━━━━━━━━━━━━━━━━━━━━━━━━━━━━ 65.5/65.5 kB 14.9 MB/s eta 0:00:00
Downloading markupsafe-3.0.3-cp312-cp312-manylinux2014_x86_64.manylinux_2_17_x86_64.manylinux_2_28_x86_64.whl (22 kB)
Downloading rich_toolkit-0.20.1-py3-none-any.whl (35 kB)
Downloading typer-0.26.7-py3-none-any.whl (122 kB)
   ━━━━━━━━━━━━━━━━━━━━━━━━━━━━━━━━━━━━━━━━ 122.5/122.5 kB 30.1 MB/s eta 0:00:00
Downloading certifi-2026.6.17-py3-none-any.whl (133 kB)
   ━━━━━━━━━━━━━━━━━━━━━━━━━━━━━━━━━━━━━━━━ 133.3/133.3 kB 18.4 MB/s eta 0:00:00
Downloading fastapi_cli-0.0.27-py3-none-any.whl (13 kB)
Downloading detect_installer-0.1.0-py3-none-any.whl (4.5 kB)
Downloading rich-15.0.0-py3-none-any.whl (310 kB)
   ━━━━━━━━━━━━━━━━━━━━━━━━━━━━━━━━━━━━━━━━ 310.7/310.7 kB 56.7 MB/s eta 0:00:00
Downloading rignore-0.7.6-cp312-cp312-manylinux_2_17_x86_64.manylinux2014_x86_64.whl (959 kB)
   ━━━━━━━━━━━━━━━━━━━━━━━━━━━━━━━━━━━━━━━━ 959.8/959.8 kB 65.7 MB/s eta 0:00:00
Downloading sentry_sdk-2.63.0-py3-none-any.whl (495 kB)
   ━━━━━━━━━━━━━━━━━━━━━━━━━━━━━━━━━━━━━━━━ 495.9/495.9 kB 59.5 MB/s eta 0:00:00
Downloading shellingham-1.5.4-py2.py3-none-any.whl (9.8 kB)
Downloading markdown_it_py-4.2.0-py3-none-any.whl (91 kB)
   ━━━━━━━━━━━━━━━━━━━━━━━━━━━━━━━━━━━━━━━━ 91.7/91.7 kB 29.3 MB/s eta 0:00:00
Downloading pygments-2.20.0-py3-none-any.whl (1.2 MB)
   ━━━━━━━━━━━━━━━━━━━━━━━━━━━━━━━━━━━━━━━━ 1.2/1.2 MB 67.4 MB/s eta 0:00:00
Downloading urllib3-2.7.0-py3-none-any.whl (131 kB)
   ━━━━━━━━━━━━━━━━━━━━━━━━━━━━━━━━━━━━━━━━ 131.1/131.1 kB 34.7 MB/s eta 0:00:00
Downloading mdurl-0.1.2-py3-none-any.whl (10.0 kB)
Installing collected packages: websockets, uvloop, urllib3, typing-extensions, shellingham, rignore, pyyaml, python-multipart, python-dotenv, pygments, psycopg-binary, mdurl, MarkupSafe, idna, httptools, h11, greenlet, fastar, dnspython, detect-installer, click, certifi, annotated-types, annotated-doc, uvicorn, typing-inspection, sqlalchemy, sentry-sdk, pydantic-core, psycopg, markdown-it-py, jinja2, httpcore, email-validator, anyio, watchfiles, starlette, rich, pydantic, httpx, typer, rich-toolkit, pydantic-settings, pydantic-extra-types, fastapi, gigachat, fastapi-cloud-cli, fastapi-cli
Successfully installed MarkupSafe-3.0.3 annotated-doc-0.0.4 annotated-types-0.7.0 anyio-4.14.0 certifi-2026.6.17 click-8.4.1 detect-installer-0.1.0 dnspython-2.8.0 email-validator-2.3.0 fastapi-0.138.0 fastapi-cli-0.0.27 fastapi-cloud-cli-0.20.0 fastar-0.11.0 gigachat-0.2.1 greenlet-3.5.2 h11-0.16.0 httpcore-1.0.9 httptools-0.8.0 httpx-0.28.1 idna-3.18 jinja2-3.1.6 markdown-it-py-4.2.0 mdurl-0.1.2 psycopg-3.3.4 psycopg-binary-3.3.4 pydantic-2.13.4 pydantic-core-2.46.4 pydantic-extra-types-2.11.1 pydantic-settings-2.14.2 pygments-2.20.0 python-dotenv-1.2.2 python-multipart-0.0.32 pyyaml-6.0.3 rich-15.0.0 rich-toolkit-0.20.1 rignore-0.7.6 sentry-sdk-2.63.0 shellingham-1.5.4 sqlalchemy-2.0.51 starlette-1.3.1 typer-0.26.7 typing-extensions-4.15.0 typing-inspection-0.4.2 urllib3-2.7.0 uvicorn-0.49.0 uvloop-0.22.1 watchfiles-1.2.0 websockets-16.0

[notice] A new release of pip is available: 23.2.1 -> 26.1.2
[notice] To update, run: pip install --upgrade pip
FastAPI import OK: Lary 2 MVP 0.1

=== 13. Git status and commit ===
On branch main
Your branch is up to date with 'origin/main'.

Untracked files:
  (use "git add <file>..." to include in what will be committed)
	apps/
	docs/
	setup_architecture.log

nothing added to commit but untracked files present (use "git add" to track)
